[vitamin7.in/ums/index.html]
[backblue.gif]
[fade.gif]
[index.html]
[themezinho.net/Anchor/preview.2.delayed]
[vitamin7.in/ums/images/favicon.png]
[vitamin7.in/ums/advertising.html]
[vitamin7.in/ums/branding.html]
[vitamin7.in/ums/web-and-app.html]
[vitamin7.in/ums/theatre-release.html]
[vitamin7.in/ums/led-screens.html]
[vitamin7.in/ums/lift-branding.html]
[vitamin7.in/ums/metro.html]
[vitamin7.in/ums/bus-branding.html]
[vitamin7.in/ums/radio.html]
[vitamin7.in/ums/mobile-van-branding.html]
[vitamin7.in/ums/print-services.html]
[vitamin7.in/ums/event-management.html]
[vitamin7.in/ums/images/ums-logo.png]
[vitamin7.in/ums/images/home-page-blue.jpg]
[vitamin7.in/ums/images/yellow-home-page.jpg]
[vitamin7.in/ums/images/home-light-green.jpg]
[vitamin7.in/ums/images/radio-ads.jpg]
[vitamin7.in/ums/images/yellow-verticle-displays.jpg]
[vitamin7.in/ums/images/home-page-monkey.jpg]
[vitamin7.in/ums/images/lift-branding.jpg]
[vitamin7.in/ums/images/icon-advertising.png]
[vitamin7.in/ums/images/icon-OOH.png]
[vitamin7.in/ums/images/icon-webandapp.png]
[vitamin7.in/ums/images/icon-events.png]
[vitamin7.in/ums/images/client/aabaranam-chennai-UMS.jpg]
[vitamin7.in/ums/images/client/bhima-kerala-UMS.jpg]
[vitamin7.in/ums/images/client/cliftons-kerala-UMS.jpg]
[vitamin7.in/ums/images/client/clubw-kerala-UMS.jpg]
[vitamin7.in/ums/images/client/crafthospital-kerala-UMS.jpg]
[vitamin7.in/ums/images/client/cust-kerala-UMS.jpg]
[vitamin7.in/ums/images/client/ddrc-kerala-UMS.jpg]
[vitamin7.in/ums/images/client/damro-kerala-UMS.jpg]
[vitamin7.in/ums/images/client/rsaf-kerala-UMS.jpg]
[vitamin7.in/ums/images/client/evm-skoda-kerala-UMS.jpg]
[vitamin7.in/ums/images/client/iplanet-kerala-UMS.jpg]
[vitamin7.in/ums/images/client/max-kerala-UMS.jpg]
[vitamin7.in/ums/images/client/nippon-toyota-kerala-UMS.jpg]
[vitamin7.in/ums/images/client/renacon-kerala-UMS.jpg]
[vitamin7.in/ums/images/client/riti-kerala-UMS.jpg]
[vitamin7.in/ums/images/client/sip-kerala-UMS.jpg]
[vitamin7.in/ums/images/client/tukxi-kerala-UMS.jpg]
[vitamin7.in/ums/images/team01.jpg]
[vitamin7.in/ums/js/jquery.min.js]
[vitamin7.in/ums/js/bootstrap.min.js]
[vitamin7.in/ums/js/swiper.min.js]
[vitamin7.in/ums/js/fancybox.min.js]
[vitamin7.in/ums/js/jquery.stellar.js]
[vitamin7.in/ums/js/odometer.min.js]
[vitamin7.in/ums/js/hamburger.min.js]
[vitamin7.in/ums/js/easings.js]
[vitamin7.in/ums/js/isotope.min.js]
[vitamin7.in/ums/js/wow.min.js]
[vitamin7.in/ums/js/perspective.min.js]
[vitamin7.in/ums/js/scripts.js]
[vitamin7.in/ums/index.html]
[themezinho.net/Anchor/preview.html]
[vitamin7.in/ums/css/animate.min.css]
[vitamin7.in/ums/css/hamburger-menu.css]
[vitamin7.in/ums/css/odometer.min.css]
[vitamin7.in/ums/css/swiper.min.css]
[vitamin7.in/ums/css/fancybox.min.css]
[vitamin7.in/ums/css/bootstrap.min.css]
[vitamin7.in/ums/css/nasalization-rg_0.ttf]
[vitamin7.in/ums/images/hero1.gif]
[vitamin7.in/ums/images/hero1.jpg]
[vitamin7.in/ums/images/anchor-line-bg.png]
[vitamin7.in/ums/css/style.css]
[vitamin7.in/ums/images/advertising/advertising.png]
[vitamin7.in/ums/images/advertising/advertising-1.jpg]
[vitamin7.in/ums/images/advertising/advertising-2.jpg]
[vitamin7.in/ums/images/advertising/advertising-3.jpg]
[vitamin7.in/ums/images/advertising/advertising-4.jpg]
[vitamin7.in/ums/images/advertising/advertising-5.jpg]
[vitamin7.in/ums/images/advertising/advertising-6.jpg]
[vitamin7.in/ums/images/advertising/advertising-7.jpg]
[vitamin7.in/ums/images/advertising/advertising-8.jpg]
[vitamin7.in/ums/images/advertising/advertising-9.jpg]
[vitamin7.in/ums/images/advertising/advertising-10.jpg]
[vitamin7.in/ums/images/advertising/advertising-11.jpg]
[vitamin7.in/ums/images/advertising/advertising-12.png]
[vitamin7.in/ums/images/advertising/advertising-13.png]
[vitamin7.in/ums/images/advertising/advertising-14.png]
[vitamin7.in/ums/images/advertising/advertising-16.png]
[vitamin7.in/ums/images/advertising/advertising-17.png]
[vitamin7.in/ums/images/advertising/advertising-18.png]
[vitamin7.in/ums/images/advertising/advertising-19.jpg]
[vitamin7.in/ums/advertising.html]
[vitamin7.in/ums/images/branding/branding.png]
[vitamin7.in/ums/branding.html]
[vitamin7.in/ums/images/web-and-app/web-and-app.png]
[vitamin7.in/ums/web-and-app.html]
[vitamin7.in/ums/images/theatre-release.jpg]
[vitamin7.in/ums/images/theatre-release-bhima-jewels.mp4]
[vitamin7.in/ums/images/theatre-release-nippon-toyota.mp4]
[vitamin7.in/ums/theatre-release.html]
[vitamin7.in/ums/images/led-screens/led-screens-1.jpg]
[vitamin7.in/ums/images/led-screens/led-1.jpg]
[vitamin7.in/ums/images/led-screens/led-screens-2.jpg]
[vitamin7.in/ums/images/led-screens/led-screens-3.jpg]
[vitamin7.in/ums/led-screens.html]
[vitamin7.in/ums/images/lift-displays-kochi.jpg]
[vitamin7.in/ums/lift-branding.html]
[vitamin7.in/ums/images/metro/metro-pillar-branding.jpg]
[vitamin7.in/ums/images/metro/metro-1.jpg]
[vitamin7.in/ums/images/metro/metro-2.jpg]
[vitamin7.in/ums/metro.html]
[vitamin7.in/ums/images/bus-branding/bus-branding.png]
[vitamin7.in/ums/images/vehilcle-branding/vehilcle-branding-KSRTC-bus-branding.jpg]
[vitamin7.in/ums/images/vehilcle-branding/vehilcle-branding-KSRTC-bus-branding-1.jpg]
[vitamin7.in/ums/bus-branding.html]
[vitamin7.in/ums/images/radio/radio-1.jpg]
[vitamin7.in/ums/radio.html]
[vitamin7.in/ums/images/banner-5.png]
[vitamin7.in/ums/images/vehilcle-branding/vehilcle-branding-auto-back-branding.jpg]
[vitamin7.in/ums/images/vehilcle-branding/vehilcle-branding-auto-back-branding-1.jpg]
[vitamin7.in/ums/images/vehilcle-branding/vehilcle-branding-canter.jpg]
[vitamin7.in/ums/images/vehilcle-branding/vehilcle-branding-canter-2.jpg]
[vitamin7.in/ums/images/vehilcle-branding/vehilcle-branding-canter-3.jpg]
[vitamin7.in/ums/mobile-van-branding.html]
[vitamin7.in/ums/images/print-services/print-service.png]
[vitamin7.in/ums/print-services.html]
[vitamin7.in/ums/images/event-management/event-management.png]
[vitamin7.in/ums/images/event-management/renacon/renacon-1.jpg]
[vitamin7.in/ums/images/event-management/renacon/renacon-2.jpg]
[vitamin7.in/ums/images/event-management/renacon/renacon-3.jpg]
[vitamin7.in/ums/images/event-management/renacon/renacon-4.jpg]
[vitamin7.in/ums/images/event-management/renacon/renacon-5.jpg]
[vitamin7.in/ums/images/event-management/renacon/renacon-6.jpg]
[vitamin7.in/ums/event-management.html]
[vitamin7.in/ums/images/arrow-left.svg]
[vitamin7.in/ums/images/arrow-right.svg]
[vitamin7.in/ums/contact.html]
